units\krpRegions.inc=units\krpRegions.*

units\krpRegionsResources.pas=units\*.*
units\krpRegionsResources.res=units\*.*

units\krpRegionsAboutForm.dcu=units\*.*
units\krpRegionsAboutForm.int=units\*.*
units\krpRegionsAboutForm.hpp=units\*.*
units\krpRegionsAboutForm.obj=units\*.*
units\krpRegionsAboutForm.dfm=units\*.*
units\krpRegionsCollectionItems.dcu=units\*.*
units\krpRegionsCollectionItems.int=units\*.*
units\krpRegionsCollectionItems.hpp=units\*.*
units\krpRegionsCollectionItems.obj=units\*.*
units\krpRegionsCollections.dcu=units\*.*
units\krpRegionsCollections.int=units\*.*
units\krpRegionsCollections.hpp=units\*.*
units\krpRegionsCollections.obj=units\*.*
units\krpRegionsComponents.dcu=units\*.*
units\krpRegionsComponents.int=units\*.*
units\krpRegionsComponents.hpp=units\*.*
units\krpRegionsComponents.obj=units\*.*
units\krpRegionsConsts.dcu=units\*.*
units\krpRegionsConsts.int=units\*.*
units\krpRegionsConsts.hpp=units\*.*
units\krpRegionsConsts.obj=units\*.*
units\krpRegionsDesc.dcu=units\*.*
units\krpRegionsDesc.int=units\*.*
units\krpRegionsDesc.hpp=units\*.*
units\krpRegionsDesc.obj=units\*.*
units\krpRegionsDesigning.dcu=units\*.*
units\krpRegionsDesigning.int=units\*.*
units\krpRegionsDesigning.hpp=units\*.*
units\krpRegionsDesigning.obj=units\*.*
units\krpRegionsDialogs.dcu=units\*.*
units\krpRegionsDialogs.int=units\*.*
units\krpRegionsDialogs.hpp=units\*.*
units\krpRegionsDialogs.obj=units\*.*
units\krpRegionsDialogs.res=units\*.*
units\krpRegionsGif.dcu=units\*.*
units\krpRegionsGif.int=units\*.*
\krpRegionsGif.hpp=units\*.*
units\krpRegionsGif.obj=units\*.*
units\krpRegionsImages.dcu=units\*.*
units\krpRegionsImages.int=units\*.*
units\krpRegionsImages.hpp=units\*.*
units\krpRegionsImages.obj=units\*.*
units\krpRegionsPcx.dcu=units\*.*
units\krpRegionsPcx.int=units\*.*
units\krpRegionsPcx.hpp=units\*.*
units\krpRegionsPcx.obj=units\*.*
units\krpRegionsProcs.dcu=units\*.*
units\krpRegionsProcs.int=units\*.*
units\krpRegionsProcs.hpp=units\*.*
units\krpRegionsProcs.obj=units\*.*
units\krpRegionsReg.pas=units\*.*
units\krpRegionsReg.res=units\*.*
units\krpRegionsSkingines.dcu=units\*.*
units\krpRegionsSkingines.int=units\*.*
units\krpRegionsSkingines.hpp=units\*.*
units\krpRegionsSkingines.obj=units\*.*
units\krpRegionsSkinPreviewForm.dcu=units\*.*
units\krpRegionsSkinPreviewForm.int=units\*.*
units\krpRegionsSkinPreviewForm.hpp=units\*.*
units\krpRegionsSkinPreviewForm.obj=units\*.*
units\krpRegionsSkinPreviewForm.dfm=units\*.*
units\krpRegionsSkins.dcu=units\*.*
units\krpRegionsSkins.int=units\*.*
units\krpRegionsSkins.hpp=units\*.*
units\krpRegionsSkins.obj=units\*.*
units\krpRegionsTypes.dcu=units\*.*
units\krpRegionsTypes.int=units\*.*
units\krpRegionsTypes.hpp=units\*.*
units\krpRegionsTypes.obj=units\*.*

demos\Clock\krpRegions.inc=demos\Clock\*.*
demos\Clock\Clock.dpr=demos\Clock\*.*
demos\Clock\Clock.res=demos\Clock\*.*
demos\Clock\ClockMain.pas=demos\Clock\*.*
demos\Clock\ClockMain.dfm=demos\Clock\*.*

demos\Clock\BCB4\Clock.bpr=demos\Clock\BCB4\*.*
demos\Clock\BCB4\Clock.cpp=demos\Clock\BCB4\*.*
demos\Clock\BCB4\Clock.res=demos\Clock\BCB4\*.*
demos\Clock\BCB5\Clock.bpr=demos\Clock\BCB5\*.*
demos\Clock\BCB5\Clock.cpp=demos\Clock\BCB5\*.*
demos\Clock\BCB5\Clock.res=demos\Clock\BCB5\*.*
demos\Clock\BCB6\Clock.bpr=demos\Clock\BCB6\*.*
demos\Clock\BCB6\Clock.cpp=demos\Clock\BCB6\*.*
demos\Clock\BCB6\Clock.res=demos\Clock\BCB6\*.*
demos\Clock\ClockMainBCB.h=demos\Clock\*.*
demos\Clock\ClockMainBCB.cpp=demos\Clock\*.*
demos\Clock\ClockMainBCB.dfm=demos\Clock\*.*

demos\Lens\Lens.inc=demos\Lens\*.*
demos\Lens\Lens.dpr=demos\Lens\*.*
demos\Lens\Lens.hlp=demos\Lens\*.*
demos\Lens\Lens.cnt=demos\Lens\*.*
demos\Lens\Lens.res=demos\Lens\*.*
demos\Lens\LensMainForm.pas=demos\Lens\*.*
demos\Lens\LensMainForm.dfm=demos\Lens\*.*
demos\Lens\LensAboutForm.pas=demos\Lens\*.*
demos\Lens\LensAboutForm.dfm=demos\Lens\*.*

demos\Lens\skins\Default\skin.ini=demos\Lens\skins\Default\*.*
demos\Lens\skins\Default\Mask.gif=demos\Lens\skins\Default\*.*
demos\Lens\skins\Default\Normal.jpg=demos\Lens\skins\Default\*.*
demos\Lens\skins\Default\Selected.jpg=demos\Lens\skins\Default\*.*
demos\Lens\skins\Default\Active.jpg=demos\Lens\skins\Default\*.*

demos\Lens\skins\BIG\skin.ini=demos\Lens\skins\Big\*.*
demos\Lens\skins\BIG\Mask.gif=demos\Lens\skins\Big\*.*
demos\Lens\skins\BIG\Normal.gif=demos\Lens\skins\Big\*.*
demos\Lens\skins\BIG\Active.gif=demos\Lens\skins\Big\*.*

demos\Lens\skins\Iron\skin.ini=demos\Lens\skins\Iron\*.*
demos\Lens\skins\Iron\Iron Mask.gif=demos\Lens\skins\Iron\*.*
demos\Lens\skins\Iron\Iron Normal.jpg=demos\Lens\skins\Iron\*.*
demos\Lens\skins\Iron\Iron Active.jpg=demos\Lens\skins\Iron\*.*

demos\Lens\skins\Stone\skin.ini=demos\Lens\skins\Stone\*.*
demos\Lens\skins\Stone\Mask.gif=demos\Lens\skins\Stone\*.*
demos\Lens\skins\Stone\Stone Normal.jpg=demos\Lens\skins\Stone\*.*
demos\Lens\skins\Stone\Stone Selected.jpg=demos\Lens\skins\Stone\*.*
demos\Lens\skins\Stone\Stone Active.jpg=demos\Lens\skins\Stone\*.*
